This file contains any messages produced by compilers while
running configure, to aid debugging if configure makes a mistake.

It was created by configure, which was
generated by GNU Autoconf 2.68.  Invocation command line was

  $ ./configure --host amd64

## --------- ##
## Platform. ##
## --------- ##

hostname = seshanpc
uname -m = x86_64
uname -r = 6.1.0-30-amd64
uname -s = Linux
uname -v = #1 SMP PREEMPT_DYNAMIC Debian 6.1.124-1 (2025-01-12)

/usr/bin/uname -p = unknown
/bin/uname -X     = unknown

/bin/arch              = x86_64
/usr/bin/arch -k       = unknown
/usr/convex/getsysinfo = unknown
/usr/bin/hostinfo      = unknown
/bin/machine           = unknown
/usr/bin/oslevel       = unknown
/bin/universe          = unknown

PATH: /usr/share/emscripten/cache/sysroot/bin
PATH: /home/sanjay/.nimble/bin
PATH: /home/sanjay/.wasmer/bin
PATH: /home/sanjay/.nvm/versions/node/v14.19.0/bin
PATH: /bin
PATH: /usr/local/bin
PATH: /usr/bin
PATH: /bin
PATH: /usr/local/games
PATH: /usr/games
PATH: /home/sanjay/.local/xPacks/@xpack-dev-tools/riscv-none-embed-gcc/10.2.0-1.2.1/.content/bin/
PATH: /home/sanjay/.local/xPacks/@xpack-dev-tools/riscv-none-embed-gcc/10.2.0-1.2.1/.content/bin/
PATH: /mit/6.004/arch/amd64_ubuntu1804/bin/
PATH: /home/sanjay/.cabal/bin
PATH: /home/sanjay/.ghcup/bin
PATH: /home/sanjay/bsc/inst/bin
PATH: /tools/Xilinx/Vivado/2023.1/bin


## ----------- ##
## Core tests. ##
## ----------- ##

configure:1889: checking for a BSD-compatible install
configure:1957: result: /bin/install -c
configure:1968: checking whether build environment is sane
configure:2005: result: yes
configure:2017: checking whether make sets $(MAKE)
configure:2039: result: yes
configure:2069: checking for working aclocal-1.4
configure:2080: result: missing
configure:2084: checking for working autoconf
configure:2091: result: found
configure:2099: checking for working automake-1.4
configure:2110: result: missing
configure:2114: checking for working autoheader
configure:2121: result: found
configure:2129: checking for working makeinfo
configure:2140: result: missing
configure:2155: checking for amd64-gcc
configure:2182: result: emcc
configure:2451: checking for C compiler version
configure:2460: emcc --version >&5
emcc (Emscripten gcc/clang-like replacement + linker emulating GNU ld) 3.1.6 ()
Copyright (C) 2014 the Emscripten authors (see AUTHORS.txt)
This is free and open source software under the MIT license.
There is NO warranty; not even for MERCHANTABILITY or FITNESS FOR A PARTICULAR PURPOSE.

configure:2471: $? = 0
configure:2460: emcc -v >&5
emcc (Emscripten gcc/clang-like replacement + linker emulating GNU ld) 3.1.6 ()
Debian clang version 14.0.6
Target: wasm32-unknown-emscripten
Thread model: posix
InstalledDir: /usr/bin
configure:2471: $? = 0
configure:2460: emcc -V >&5
emcc: error: no input files
configure:2471: $? = 1
configure:2460: emcc -qversion >&5
emcc: error: no input files
configure:2471: $? = 1
configure:2491: checking whether the C compiler works
configure:2513: emcc    conftest.c  >&5
configure:2517: $? = 0
configure:2565: result: yes
configure:2568: checking for C compiler default output file name
configure:2570: result: a.out
configure:2576: checking for suffix of executables
configure:2583: emcc -o conftest    conftest.c  >&5
configure:2587: $? = 0
configure:2609: result: 
configure:2631: checking whether we are cross compiling
configure:2639: emcc -o conftest    conftest.c  >&5
configure:2643: $? = 0
configure:2650: ./conftest
/home/sanjay/Documents/git/as31/a/as31-2.3.1/conftest:147
      throw ex;
      ^

TypeError: Failed to parse URL from /home/sanjay/Documents/git/as31/a/as31-2.3.1/conftest.wasm
    at Object.fetch (node:internal/deps/undici/undici:16289:11) {
  [cause]: TypeError [ERR_INVALID_URL]: Invalid URL
      at new NodeError (node:internal/errors:405:5)
      at new URL (node:internal/url:676:13)
      at new Request (node:internal/deps/undici/undici:7129:25)
      at fetch2 (node:internal/deps/undici/undici:15371:25)
      at Object.fetch (node:internal/deps/undici/undici:16287:18)
      at fetch (node:internal/process/pre_execution:281:25)
      at instantiateAsync (/home/sanjay/Documents/git/as31/a/as31-2.3.1/conftest:1670:14)
      at createWasm (/home/sanjay/Documents/git/as31/a/as31-2.3.1/conftest:1706:3)
      at Object.<anonymous> (/home/sanjay/Documents/git/as31/a/as31-2.3.1/conftest:4987:11)
      at Module._compile (node:internal/modules/cjs/loader:1356:14) {
    input: '/home/sanjay/Documents/git/as31/a/as31-2.3.1/conftest.wasm',
    code: 'ERR_INVALID_URL'
  }
}

Node.js v18.19.0
configure:2654: $? = 7
configure:2669: result: yes
configure:2674: checking for suffix of object files
configure:2696: emcc -c   conftest.c >&5
configure:2700: $? = 0
configure:2721: result: o
configure:2725: checking whether we are using the GNU C compiler
configure:2744: emcc -c   conftest.c >&5
configure:2744: $? = 0
configure:2753: result: yes
configure:2762: checking whether emcc accepts -g
configure:2782: emcc -c -g  conftest.c >&5
configure:2782: $? = 0
configure:2823: result: yes
configure:2840: checking for emcc option to accept ISO C89
configure:2904: emcc  -c -g -O2  conftest.c >&5
configure:2904: $? = 0
configure:2917: result: none needed
configure:2941: checking for bison
configure:2957: found /bin/bison
configure:2968: result: bison -y
configure:2989: checking for gtk
configure:3009: result: no
configure:3457: creating ./config.status

## ---------------------- ##
## Running config.status. ##
## ---------------------- ##

This file was extended by config.status, which was
generated by GNU Autoconf 2.68.  Invocation command line was

  CONFIG_FILES    = 
  CONFIG_HEADERS  = 
  CONFIG_LINKS    = 
  CONFIG_COMMANDS = 
  $ ./config.status 

on seshanpc

config.status:754: creating Makefile
config.status:857: WARNING:  'Makefile.in' seems to ignore the --datarootdir setting
config.status:754: creating as31/Makefile
config.status:857: WARNING:  'as31/Makefile.in' seems to ignore the --datarootdir setting
config.status:754: creating examples/Makefile
config.status:857: WARNING:  'examples/Makefile.in' seems to ignore the --datarootdir setting

## ---------------- ##
## Cache variables. ##
## ---------------- ##

ac_cv_c_compiler_gnu=yes
ac_cv_env_CC_set=set
ac_cv_env_CC_value=emcc
ac_cv_env_CFLAGS_set=
ac_cv_env_CFLAGS_value=
ac_cv_env_CPPFLAGS_set=
ac_cv_env_CPPFLAGS_value=
ac_cv_env_LDFLAGS_set=
ac_cv_env_LDFLAGS_value=
ac_cv_env_LIBS_set=
ac_cv_env_LIBS_value=
ac_cv_env_YACC_set=
ac_cv_env_YACC_value=
ac_cv_env_YFLAGS_set=
ac_cv_env_YFLAGS_value=
ac_cv_env_build_alias_set=
ac_cv_env_build_alias_value=
ac_cv_env_host_alias_set=set
ac_cv_env_host_alias_value=amd64
ac_cv_env_target_alias_set=
ac_cv_env_target_alias_value=
ac_cv_objext=o
ac_cv_path_install='/bin/install -c'
ac_cv_prog_CC=emcc
ac_cv_prog_YACC='bison -y'
ac_cv_prog_cc_c89=
ac_cv_prog_cc_g=yes
ac_cv_prog_make_make_set=yes

## ----------------- ##
## Output variables. ##
## ----------------- ##

ACLOCAL='/home/sanjay/Documents/git/as31/a/as31-2.3.1/missing aclocal-1.4'
AUTOCONF='autoconf'
AUTOHEADER='autoheader'
AUTOMAKE='/home/sanjay/Documents/git/as31/a/as31-2.3.1/missing automake-1.4'
CC='emcc'
CFLAGS='-g -O2'
CPPFLAGS=''
DEFS='-DPACKAGE_NAME=\"\" -DPACKAGE_TARNAME=\"\" -DPACKAGE_VERSION=\"\" -DPACKAGE_STRING=\"\" -DPACKAGE_BUGREPORT=\"\" -DPACKAGE_URL=\"\" -DPACKAGE=\"as31\" -DVERSION=\"2.3.1\" -DOPTION_GTK=0'
ECHO_C=''
ECHO_N='-n'
ECHO_T=''
EXEEXT=''
GTK_CFLAGS=''
GTK_CONFIG=''
GTK_LIBS=''
GUI_CFLAGS=''
GUI_LIBS=''
INSTALL_DATA='${INSTALL} -m 644'
INSTALL_PROGRAM='${INSTALL}'
INSTALL_SCRIPT='${INSTALL}'
LDFLAGS=''
LIBOBJS=''
LIBS=''
LTLIBOBJS=''
MAKEINFO='/home/sanjay/Documents/git/as31/a/as31-2.3.1/missing makeinfo'
OBJEXT='o'
OPTION_GTK_FALSE=''
OPTION_GTK_TRUE='#'
PACKAGE='as31'
PACKAGE_BUGREPORT=''
PACKAGE_NAME=''
PACKAGE_STRING=''
PACKAGE_TARNAME=''
PACKAGE_URL=''
PACKAGE_VERSION=''
PATH_SEPARATOR=':'
SET_MAKE=''
SHELL='/bin/bash'
VERSION='2.3.1'
YACC='bison -y'
YFLAGS=''
ac_ct_CC=''
bindir='${exec_prefix}/bin'
build_alias=''
datadir='${datarootdir}'
datarootdir='${prefix}/share'
docdir='${datarootdir}/doc/${PACKAGE}'
dvidir='${docdir}'
exec_prefix='${prefix}'
host_alias='amd64'
htmldir='${docdir}'
includedir='${prefix}/include'
infodir='${datarootdir}/info'
libdir='${exec_prefix}/lib'
libexecdir='${exec_prefix}/libexec'
localedir='${datarootdir}/locale'
localstatedir='${prefix}/var'
mandir='${datarootdir}/man'
oldincludedir='/usr/include'
pdfdir='${docdir}'
prefix='/usr/local'
program_transform_name='s,x,x,'
psdir='${docdir}'
sbindir='${exec_prefix}/sbin'
sharedstatedir='${prefix}/com'
sysconfdir='${prefix}/etc'
target_alias=''

## ----------- ##
## confdefs.h. ##
## ----------- ##

/* confdefs.h */
#define PACKAGE_NAME ""
#define PACKAGE_TARNAME ""
#define PACKAGE_VERSION ""
#define PACKAGE_STRING ""
#define PACKAGE_BUGREPORT ""
#define PACKAGE_URL ""
#define PACKAGE "as31"
#define VERSION "2.3.1"
#define OPTION_GTK 0

configure: exit 0
